2026-08-07 21:11:38.211742: I tensorflow/core/util/port.cc:153] oneDNN custom operations are on. You may see slightly different numerical results due to floating-point round-off errors from different computation orders. To turn them off, set the environment variable `TF_ENABLE_ONEDNN_OPTS=0`.
2026-08-07 21:11:38.212585: I external/local_xla/xla/tsl/cuda/cudart_stub.cc:32] Could not find cuda drivers on your machine, GPU will not be used.
2026-08-07 21:11:38.217039: I external/local_xla/xla/tsl/cuda/cudart_stub.cc:32] Could not find cuda drivers on your machine, GPU will not be used.
2026-08-07 21:11:38.228562: E external/local_xla/xla/stream_executor/cuda/cuda_fft.cc:477] Unable to register cuFFT factory: Attempting to register factory for plugin cuFFT when one has already been registered
WARNING: All log messages before absl::InitializeLog() is called are written to STDERR
E0000 00:00:1786133498.246948  830014 cuda_dnn.cc:8310] Unable to register cuDNN factory: Attempting to register factory for plugin cuDNN when one has already been registered
E0000 00:00:1786133498.252413  830014 cuda_blas.cc:1418] Unable to register cuBLAS factory: Attempting to register factory for plugin cuBLAS when one has already been registered
2026-08-07 21:11:38.272182: I tensorflow/core/platform/cpu_feature_guard.cc:210] This TensorFlow binary is optimized to use available CPU instructions in performance-critical operations.
To enable the following instructions: AVX2 AVX512F AVX512_VNNI FMA, in other operations, rebuild TensorFlow with the appropriate compiler flags.
2026-08-07 21:11:41.358435: E external/local_xla/xla/stream_executor/cuda/cuda_driver.cc:152] failed call to cuInit: INTERNAL: CUDA error: Failed call to cuInit: UNKNOWN ERROR (303)
Running experiment 15_0.23_False_5_0.5_1_dc in test mode.
Generating predefined weights.
Running the hybrid online-offline solver for experiment: 15_0.23_False_5_0.5_1_dc_0
Initial population of 20 individuals created. Starting evolution.
Decoding population for generation 1.
Decoded 20 individuals in 16.09 seconds.
Population decoded for generation 1. Starting evaluation.
Caching surrogate evaluations for generation 1.
Cached demands for 1030 embedding graphs in 1.43 seconds.
Latency prediction took 1.51 seconds for generation 1.
Evaluating population using surrogate for generation 1.
Finished generation 1 in 1.288934957003221 seconds.
Writing Pareto Fronts for generation 1.
Qualified Individuals: 0/1
Qualified individuals less than 1. Continuing evolution.
Generation 2 started. Performing genetic operations.
Offspring generated for generation 2. Evaluating offspring.
Decoding population for generation 2.
Decoded 20 individuals in 16.63 seconds.
Population decoded for generation 2. Starting evaluation.
Caching surrogate evaluations for generation 2.
Cached demands for 1015 embedding graphs in 1.07 seconds.
Latency prediction took 1.44 seconds for generation 2.
Evaluating population using surrogate for generation 2.
Finished generation 2 in 1.286397814983502 seconds.
Writing Pareto Fronts for generation 2.
Qualified Individuals: 0/1
Qualified individuals less than 1. Continuing evolution.
Generation 3 started. Performing genetic operations.
Offspring generated for generation 3. Evaluating offspring.
Decoding population for generation 3.
Decoded 20 individuals in 17.08 seconds.
Population decoded for generation 3. Starting evaluation.
Caching surrogate evaluations for generation 3.
Cached demands for 1037 embedding graphs in 0.81 seconds.
Latency prediction took 1.42 seconds for generation 3.
Evaluating population using surrogate for generation 3.
Finished generation 3 in 1.450927629135549 seconds.
Writing Pareto Fronts for generation 3.
Qualified Individuals: 0/1
Qualified individuals less than 1. Continuing evolution.
Generation 4 started. Performing genetic operations.
Offspring generated for generation 4. Evaluating offspring.
Decoding population for generation 4.
Decoded 20 individuals in 17.99 seconds.
Population decoded for generation 4. Starting evaluation.
Caching surrogate evaluations for generation 4.
Cached demands for 1036 embedding graphs in 0.81 seconds.
Latency prediction took 1.53 seconds for generation 4.
Evaluating population using surrogate for generation 4.
Finished generation 4 in 1.3609864271711558 seconds.
Writing Pareto Fronts for generation 4.
Qualified Individuals: 0/1
Qualified individuals less than 1. Continuing evolution.
Generation 5 started. Performing genetic operations.
Offspring generated for generation 5. Evaluating offspring.
Decoding population for generation 5.
Decoded 20 individuals in 16.16 seconds.
Population decoded for generation 5. Starting evaluation.
Caching surrogate evaluations for generation 5.
Cached demands for 1029 embedding graphs in 0.79 seconds.
Latency prediction took 1.45 seconds for generation 5.
Evaluating population using surrogate for generation 5.
Finished generation 5 in 1.2916288499254733 seconds.
Writing Pareto Fronts for generation 5.
Qualified Individuals: 0/1
Qualified individuals less than 1. Continuing evolution.
Generation 6 started. Performing genetic operations.
Offspring generated for generation 6. Evaluating offspring.
Decoding population for generation 6.
Decoded 20 individuals in 18.35 seconds.
Population decoded for generation 6. Starting evaluation.
Caching surrogate evaluations for generation 6.
Cached demands for 1008 embedding graphs in 1.06 seconds.
Latency prediction took 1.57 seconds for generation 6.
Evaluating population using surrogate for generation 6.
Finished generation 6 in 1.3072689149994403 seconds.
Writing Pareto Fronts for generation 6.
Qualified Individuals: 0/1
Qualified individuals less than 1. Continuing evolution.
Generation 7 started. Performing genetic operations.
Offspring generated for generation 7. Evaluating offspring.
Decoding population for generation 7.
Decoded 20 individuals in 18.31 seconds.
Population decoded for generation 7. Starting evaluation.
Caching surrogate evaluations for generation 7.
Cached demands for 1030 embedding graphs in 0.82 seconds.
Latency prediction took 1.55 seconds for generation 7.
Evaluating population using surrogate for generation 7.
Finished generation 7 in 1.4343756169546396 seconds.
Writing Pareto Fronts for generation 7.
Qualified Individuals: 0/1
Qualified individuals less than 1. Continuing evolution.
Generation 8 started. Performing genetic operations.
Offspring generated for generation 8. Evaluating offspring.
Decoding population for generation 8.
Decoded 20 individuals in 17.78 seconds.
Population decoded for generation 8. Starting evaluation.
Caching surrogate evaluations for generation 8.
Cached demands for 1036 embedding graphs in 0.84 seconds.
Latency prediction took 1.47 seconds for generation 8.
Evaluating population using surrogate for generation 8.
Finished generation 8 in 1.4299782349262387 seconds.
Writing Pareto Fronts for generation 8.
Qualified Individuals: 0/1
Qualified individuals less than 1. Continuing evolution.
Generation 9 started. Performing genetic operations.
Offspring generated for generation 9. Evaluating offspring.
Decoding population for generation 9.
Decoded 20 individuals in 18.07 seconds.
Population decoded for generation 9. Starting evaluation.
Caching surrogate evaluations for generation 9.
Cached demands for 1015 embedding graphs in 1.06 seconds.
Latency prediction took 1.46 seconds for generation 9.
Evaluating population using surrogate for generation 9.
Finished generation 9 in 1.3537688669748604 seconds.
Writing Pareto Fronts for generation 9.
Qualified Individuals: 0/1
Qualified individuals less than 1. Continuing evolution.
Generation 10 started. Performing genetic operations.
Offspring generated for generation 10. Evaluating offspring.
Decoding population for generation 10.
Decoded 20 individuals in 16.36 seconds.
Population decoded for generation 10. Starting evaluation.
Caching surrogate evaluations for generation 10.
Cached demands for 1019 embedding graphs in 0.80 seconds.
Latency prediction took 1.54 seconds for generation 10.
Evaluating population using surrogate for generation 10.
Finished generation 10 in 1.3286456638015807 seconds.
Writing Pareto Fronts for generation 10.
Qualified Individuals: 1/1
Finished the evolution of weights using surrogate at generation 10.
Number of qualified individuals: 1
Time taken: 211.04s
Generating predefined weights.
Running the hybrid online-offline solver for experiment: 15_0.23_False_5_0.5_1_dc_1
Initial population of 20 individuals created. Starting evolution.
Decoding population for generation 1.
Decoded 20 individuals in 18.61 seconds.
Population decoded for generation 1. Starting evaluation.
Caching surrogate evaluations for generation 1.
Cached demands for 1024 embedding graphs in 0.81 seconds.
Latency prediction took 1.42 seconds for generation 1.
Evaluating population using surrogate for generation 1.
Finished generation 1 in 1.2921127951703966 seconds.
Writing Pareto Fronts for generation 1.
Qualified Individuals: 0/1
Qualified individuals less than 1. Continuing evolution.
Generation 2 started. Performing genetic operations.
Offspring generated for generation 2. Evaluating offspring.
Decoding population for generation 2.
Decoded 20 individuals in 16.34 seconds.
Population decoded for generation 2. Starting evaluation.
Caching surrogate evaluations for generation 2.
Cached demands for 1021 embedding graphs in 0.79 seconds.
Latency prediction took 1.46 seconds for generation 2.
Evaluating population using surrogate for generation 2.
Finished generation 2 in 1.3161928141489625 seconds.
Writing Pareto Fronts for generation 2.
Qualified Individuals: 0/1
Qualified individuals less than 1. Continuing evolution.
Generation 3 started. Performing genetic operations.
Offspring generated for generation 3. Evaluating offspring.
Decoding population for generation 3.
Decoded 20 individuals in 17.05 seconds.
Population decoded for generation 3. Starting evaluation.
Caching surrogate evaluations for generation 3.
Cached demands for 1026 embedding graphs in 0.82 seconds.
Latency prediction took 1.53 seconds for generation 3.
Evaluating population using surrogate for generation 3.
Finished generation 3 in 1.384401406161487 seconds.
Writing Pareto Fronts for generation 3.
Qualified Individuals: 0/1
Qualified individuals less than 1. Continuing evolution.
Generation 4 started. Performing genetic operations.
Offspring generated for generation 4. Evaluating offspring.
Decoding population for generation 4.
Decoded 20 individuals in 18.88 seconds.
Population decoded for generation 4. Starting evaluation.
Caching surrogate evaluations for generation 4.
Cached demands for 1031 embedding graphs in 1.09 seconds.
Latency prediction took 1.53 seconds for generation 4.
Evaluating population using surrogate for generation 4.
Finished generation 4 in 1.360378036973998 seconds.
Writing Pareto Fronts for generation 4.
Qualified Individuals: 0/1
Qualified individuals less than 1. Continuing evolution.
Generation 5 started. Performing genetic operations.
Offspring generated for generation 5. Evaluating offspring.
Decoding population for generation 5.
Decoded 20 individuals in 17.67 seconds.
Population decoded for generation 5. Starting evaluation.
Caching surrogate evaluations for generation 5.
Cached demands for 1043 embedding graphs in 0.79 seconds.
Latency prediction took 1.59 seconds for generation 5.
Evaluating population using surrogate for generation 5.
Finished generation 5 in 1.3257563970983028 seconds.
Writing Pareto Fronts for generation 5.
Qualified Individuals: 1/1
Finished the evolution of weights using surrogate at generation 5.
Number of qualified individuals: 1
Time taken: 107.17s
Generating predefined weights.
Running the hybrid online-offline solver for experiment: 15_0.23_False_5_0.5_1_dc_2
Initial population of 20 individuals created. Starting evolution.
Decoding population for generation 1.
Decoded 20 individuals in 17.14 seconds.
Population decoded for generation 1. Starting evaluation.
Caching surrogate evaluations for generation 1.
Cached demands for 1039 embedding graphs in 0.80 seconds.
Latency prediction took 1.64 seconds for generation 1.
Evaluating population using surrogate for generation 1.
Finished generation 1 in 1.3645254019647837 seconds.
Writing Pareto Fronts for generation 1.
Qualified Individuals: 1/1
Finished the evolution of weights using surrogate at generation 1.
Number of qualified individuals: 1
Time taken: 20.95s
Generating predefined weights.
Running the hybrid online-offline solver for experiment: 15_0.23_False_5_0.5_1_dc_3
Initial population of 20 individuals created. Starting evolution.
Decoding population for generation 1.
Decoded 20 individuals in 15.77 seconds.
Population decoded for generation 1. Starting evaluation.
Caching surrogate evaluations for generation 1.
Cached demands for 1028 embedding graphs in 1.02 seconds.
Latency prediction took 1.43 seconds for generation 1.
Evaluating population using surrogate for generation 1.
Finished generation 1 in 1.2915271460078657 seconds.
Writing Pareto Fronts for generation 1.
Qualified Individuals: 0/1
Qualified individuals less than 1. Continuing evolution.
Generation 2 started. Performing genetic operations.
Offspring generated for generation 2. Evaluating offspring.
Decoding population for generation 2.
Decoded 20 individuals in 14.58 seconds.
Population decoded for generation 2. Starting evaluation.
Caching surrogate evaluations for generation 2.
Cached demands for 1010 embedding graphs in 0.79 seconds.
Latency prediction took 1.41 seconds for generation 2.
Evaluating population using surrogate for generation 2.
Finished generation 2 in 1.3620295480359346 seconds.
Writing Pareto Fronts for generation 2.
Qualified Individuals: 0/1
Qualified individuals less than 1. Continuing evolution.
Generation 3 started. Performing genetic operations.
Offspring generated for generation 3. Evaluating offspring.
Decoding population for generation 3.
Decoded 20 individuals in 16.37 seconds.
Population decoded for generation 3. Starting evaluation.
Caching surrogate evaluations for generation 3.
Cached demands for 1041 embedding graphs in 0.82 seconds.
Latency prediction took 1.54 seconds for generation 3.
Evaluating population using surrogate for generation 3.
Finished generation 3 in 1.4702414458151907 seconds.
Writing Pareto Fronts for generation 3.
Qualified Individuals: 0/1
Qualified individuals less than 1. Continuing evolution.
Generation 4 started. Performing genetic operations.
Offspring generated for generation 4. Evaluating offspring.
Decoding population for generation 4.
Decoded 20 individuals in 16.89 seconds.
Population decoded for generation 4. Starting evaluation.
Caching surrogate evaluations for generation 4.
Cached demands for 1027 embedding graphs in 0.79 seconds.
Latency prediction took 1.57 seconds for generation 4.
Evaluating population using surrogate for generation 4.
Finished generation 4 in 1.4092341291252524 seconds.
Writing Pareto Fronts for generation 4.
Qualified Individuals: 0/1
Qualified individuals less than 1. Continuing evolution.
Generation 5 started. Performing genetic operations.
Offspring generated for generation 5. Evaluating offspring.
Decoding population for generation 5.
Decoded 20 individuals in 17.34 seconds.
Population decoded for generation 5. Starting evaluation.
Caching surrogate evaluations for generation 5.
Cached demands for 1017 embedding graphs in 0.82 seconds.
Latency prediction took 1.67 seconds for generation 5.
Evaluating population using surrogate for generation 5.
Finished generation 5 in 1.3763276629615575 seconds.
Writing Pareto Fronts for generation 5.
Qualified Individuals: 0/1
Qualified individuals less than 1. Continuing evolution.
Generation 6 started. Performing genetic operations.
Offspring generated for generation 6. Evaluating offspring.
Decoding population for generation 6.
Decoded 20 individuals in 16.86 seconds.
Population decoded for generation 6. Starting evaluation.
Caching surrogate evaluations for generation 6.
Cached demands for 1032 embedding graphs in 1.07 seconds.
Latency prediction took 1.56 seconds for generation 6.
Evaluating population using surrogate for generation 6.
Finished generation 6 in 1.3755311148706824 seconds.
Writing Pareto Fronts for generation 6.
Qualified Individuals: 0/1
Qualified individuals less than 1. Continuing evolution.
Generation 7 started. Performing genetic operations.
Offspring generated for generation 7. Evaluating offspring.
Decoding population for generation 7.
Decoded 20 individuals in 15.63 seconds.
Population decoded for generation 7. Starting evaluation.
Caching surrogate evaluations for generation 7.
Cached demands for 1038 embedding graphs in 0.79 seconds.
Latency prediction took 1.56 seconds for generation 7.
Evaluating population using surrogate for generation 7.
Finished generation 7 in 1.470540544949472 seconds.
Writing Pareto Fronts for generation 7.
Qualified Individuals: 0/1
Qualified individuals less than 1. Continuing evolution.
Generation 8 started. Performing genetic operations.
Offspring generated for generation 8. Evaluating offspring.
Decoding population for generation 8.
Decoded 20 individuals in 16.36 seconds.
Population decoded for generation 8. Starting evaluation.
Caching surrogate evaluations for generation 8.
Cached demands for 1015 embedding graphs in 0.82 seconds.
Latency prediction took 1.54 seconds for generation 8.
Evaluating population using surrogate for generation 8.
Finished generation 8 in 1.4964499808847904 seconds.
Writing Pareto Fronts for generation 8.
Qualified Individuals: 0/1
Qualified individuals less than 1. Continuing evolution.
Generation 9 started. Performing genetic operations.
Offspring generated for generation 9. Evaluating offspring.
Decoding population for generation 9.
Decoded 20 individuals in 17.09 seconds.
Population decoded for generation 9. Starting evaluation.
Caching surrogate evaluations for generation 9.
Cached demands for 1013 embedding graphs in 1.07 seconds.
Latency prediction took 1.55 seconds for generation 9.
Evaluating population using surrogate for generation 9.
Finished generation 9 in 1.4518058521207422 seconds.
Writing Pareto Fronts for generation 9.
Qualified Individuals: 1/1
Finished the evolution of weights using surrogate at generation 9.
Number of qualified individuals: 1
Time taken: 181.63s
Generating predefined weights.
Running the hybrid online-offline solver for experiment: 15_0.23_False_5_0.5_1_dc_4
Initial population of 20 individuals created. Starting evolution.
Decoding population for generation 1.
Decoded 20 individuals in 17.73 seconds.
Population decoded for generation 1. Starting evaluation.
Caching surrogate evaluations for generation 1.
Cached demands for 1028 embedding graphs in 0.83 seconds.
Latency prediction took 1.62 seconds for generation 1.
Evaluating population using surrogate for generation 1.
Finished generation 1 in 1.370293190004304 seconds.
Writing Pareto Fronts for generation 1.
Qualified Individuals: 0/1
Qualified individuals less than 1. Continuing evolution.
Generation 2 started. Performing genetic operations.
Offspring generated for generation 2. Evaluating offspring.
Decoding population for generation 2.
Decoded 20 individuals in 15.83 seconds.
Population decoded for generation 2. Starting evaluation.
Caching surrogate evaluations for generation 2.
Cached demands for 1036 embedding graphs in 0.80 seconds.
Latency prediction took 1.53 seconds for generation 2.
Evaluating population using surrogate for generation 2.
Finished generation 2 in 1.3789426691364497 seconds.
Writing Pareto Fronts for generation 2.
Qualified Individuals: 0/1
Qualified individuals less than 1. Continuing evolution.
Generation 3 started. Performing genetic operations.
Offspring generated for generation 3. Evaluating offspring.
Decoding population for generation 3.
Decoded 20 individuals in 16.74 seconds.
Population decoded for generation 3. Starting evaluation.
Caching surrogate evaluations for generation 3.
Cached demands for 1026 embedding graphs in 0.80 seconds.
Latency prediction took 1.51 seconds for generation 3.
Evaluating population using surrogate for generation 3.
Finished generation 3 in 1.4312967348378152 seconds.
Writing Pareto Fronts for generation 3.
Qualified Individuals: 0/1
Qualified individuals less than 1. Continuing evolution.
Generation 4 started. Performing genetic operations.
Offspring generated for generation 4. Evaluating offspring.
Decoding population for generation 4.
Decoded 20 individuals in 16.44 seconds.
Population decoded for generation 4. Starting evaluation.
Caching surrogate evaluations for generation 4.
Cached demands for 1015 embedding graphs in 0.81 seconds.
Latency prediction took 1.49 seconds for generation 4.
Evaluating population using surrogate for generation 4.
Finished generation 4 in 1.354342526057735 seconds.
Writing Pareto Fronts for generation 4.
Qualified Individuals: 0/1
Qualified individuals less than 1. Continuing evolution.
Generation 5 started. Performing genetic operations.
Offspring generated for generation 5. Evaluating offspring.
Decoding population for generation 5.
Decoded 20 individuals in 17.40 seconds.
Population decoded for generation 5. Starting evaluation.
Caching surrogate evaluations for generation 5.
Cached demands for 1029 embedding graphs in 0.79 seconds.
Latency prediction took 1.50 seconds for generation 5.
Evaluating population using surrogate for generation 5.
Finished generation 5 in 1.3441204319242388 seconds.
Writing Pareto Fronts for generation 5.
Qualified Individuals: 1/1
Finished the evolution of weights using surrogate at generation 5.
Number of qualified individuals: 1
Time taken: 102.80s
Generating predefined weights.
Running the hybrid online-offline solver for experiment: 15_0.23_False_5_0.5_1_dc_5
Initial population of 20 individuals created. Starting evolution.
Decoding population for generation 1.
Decoded 20 individuals in 20.16 seconds.
Population decoded for generation 1. Starting evaluation.
Caching surrogate evaluations for generation 1.
Cached demands for 1050 embedding graphs in 0.83 seconds.
Latency prediction took 1.59 seconds for generation 1.
Evaluating population using surrogate for generation 1.
Finished generation 1 in 1.4389785071834922 seconds.
Writing Pareto Fronts for generation 1.
Qualified Individuals: 0/1
Qualified individuals less than 1. Continuing evolution.
Generation 2 started. Performing genetic operations.
Offspring generated for generation 2. Evaluating offspring.
Decoding population for generation 2.
Decoded 20 individuals in 16.77 seconds.
Population decoded for generation 2. Starting evaluation.
Caching surrogate evaluations for generation 2.
Cached demands for 1009 embedding graphs in 0.83 seconds.
Latency prediction took 1.58 seconds for generation 2.
Evaluating population using surrogate for generation 2.
Finished generation 2 in 1.444460656028241 seconds.
Writing Pareto Fronts for generation 2.
Qualified Individuals: 0/1
Qualified individuals less than 1. Continuing evolution.
Generation 3 started. Performing genetic operations.
Offspring generated for generation 3. Evaluating offspring.
Decoding population for generation 3.
Decoded 20 individuals in 18.66 seconds.
Population decoded for generation 3. Starting evaluation.
Caching surrogate evaluations for generation 3.
Cached demands for 1018 embedding graphs in 1.13 seconds.
Latency prediction took 1.62 seconds for generation 3.
Evaluating population using surrogate for generation 3.
Finished generation 3 in 1.4532888990361243 seconds.
Writing Pareto Fronts for generation 3.
Qualified Individuals: 0/1
Qualified individuals less than 1. Continuing evolution.
Generation 4 started. Performing genetic operations.
Offspring generated for generation 4. Evaluating offspring.
Decoding population for generation 4.
Decoded 20 individuals in 19.12 seconds.
Population decoded for generation 4. Starting evaluation.
Caching surrogate evaluations for generation 4.
Cached demands for 1026 embedding graphs in 0.82 seconds.
Latency prediction took 1.59 seconds for generation 4.
Evaluating population using surrogate for generation 4.
Finished generation 4 in 1.4512568388599902 seconds.
Writing Pareto Fronts for generation 4.
Qualified Individuals: 0/1
Qualified individuals less than 1. Continuing evolution.
Generation 5 started. Performing genetic operations.
Offspring generated for generation 5. Evaluating offspring.
Decoding population for generation 5.
Decoded 20 individuals in 16.87 seconds.
Population decoded for generation 5. Starting evaluation.
Caching surrogate evaluations for generation 5.
Cached demands for 1029 embedding graphs in 0.82 seconds.
Latency prediction took 1.56 seconds for generation 5.
Evaluating population using surrogate for generation 5.
Finished generation 5 in 1.3849833810236305 seconds.
Writing Pareto Fronts for generation 5.
Qualified Individuals: 0/1
Qualified individuals less than 1. Continuing evolution.
Generation 6 started. Performing genetic operations.
Offspring generated for generation 6. Evaluating offspring.
Decoding population for generation 6.
Decoded 20 individuals in 19.69 seconds.
Population decoded for generation 6. Starting evaluation.
Caching surrogate evaluations for generation 6.
Cached demands for 1017 embedding graphs in 0.80 seconds.
Latency prediction took 1.56 seconds for generation 6.
Evaluating population using surrogate for generation 6.
Finished generation 6 in 1.3708224820438772 seconds.
Writing Pareto Fronts for generation 6.
Qualified Individuals: 0/1
Qualified individuals less than 1. Continuing evolution.
Generation 7 started. Performing genetic operations.
Offspring generated for generation 7. Evaluating offspring.
Decoding population for generation 7.
Decoded 20 individuals in 18.33 seconds.
Population decoded for generation 7. Starting evaluation.
Caching surrogate evaluations for generation 7.
Cached demands for 1032 embedding graphs in 0.80 seconds.
Latency prediction took 1.50 seconds for generation 7.
Evaluating population using surrogate for generation 7.
Finished generation 7 in 1.5029857689514756 seconds.
Writing Pareto Fronts for generation 7.
Qualified Individuals: 0/1
Qualified individuals less than 1. Continuing evolution.
Generation 8 started. Performing genetic operations.
Offspring generated for generation 8. Evaluating offspring.
Decoding population for generation 8.
Decoded 20 individuals in 18.32 seconds.
Population decoded for generation 8. Starting evaluation.
Caching surrogate evaluations for generation 8.
Cached demands for 1018 embedding graphs in 1.06 seconds.
Latency prediction took 1.54 seconds for generation 8.
Evaluating population using surrogate for generation 8.
Finished generation 8 in 1.457486310042441 seconds.
Writing Pareto Fronts for generation 8.
Qualified Individuals: 0/1
Qualified individuals less than 1. Continuing evolution.
Generation 9 started. Performing genetic operations.
Offspring generated for generation 9. Evaluating offspring.
Decoding population for generation 9.
Decoded 20 individuals in 18.23 seconds.
Population decoded for generation 9. Starting evaluation.
Caching surrogate evaluations for generation 9.
Cached demands for 1014 embedding graphs in 0.81 seconds.
Latency prediction took 1.57 seconds for generation 9.
Evaluating population using surrogate for generation 9.
Finished generation 9 in 1.4364312200341374 seconds.
Writing Pareto Fronts for generation 9.
Qualified Individuals: 0/1
Qualified individuals less than 1. Continuing evolution.
Generation 10 started. Performing genetic operations.
Offspring generated for generation 10. Evaluating offspring.
Decoding population for generation 10.
Decoded 20 individuals in 17.23 seconds.
Population decoded for generation 10. Starting evaluation.
Caching surrogate evaluations for generation 10.
Cached demands for 1016 embedding graphs in 0.79 seconds.
Latency prediction took 1.60 seconds for generation 10.
Evaluating population using surrogate for generation 10.
Finished generation 10 in 1.4306052350439131 seconds.
Writing Pareto Fronts for generation 10.
Qualified Individuals: 1/1
Finished the evolution of weights using surrogate at generation 10.
Number of qualified individuals: 1
Time taken: 222.39s
Generating predefined weights.
Running the hybrid online-offline solver for experiment: 15_0.23_False_5_0.5_1_dc_6
Initial population of 20 individuals created. Starting evolution.
Decoding population for generation 1.
Decoded 20 individuals in 20.28 seconds.
Population decoded for generation 1. Starting evaluation.
Caching surrogate evaluations for generation 1.
Cached demands for 1042 embedding graphs in 1.08 seconds.
Latency prediction took 1.55 seconds for generation 1.
Evaluating population using surrogate for generation 1.
Finished generation 1 in 1.3711471129208803 seconds.
Writing Pareto Fronts for generation 1.
Qualified Individuals: 0/1
Qualified individuals less than 1. Continuing evolution.
Generation 2 started. Performing genetic operations.
Offspring generated for generation 2. Evaluating offspring.
Decoding population for generation 2.
Decoded 20 individuals in 17.78 seconds.
Population decoded for generation 2. Starting evaluation.
Caching surrogate evaluations for generation 2.
Cached demands for 1034 embedding graphs in 0.84 seconds.
Latency prediction took 1.51 seconds for generation 2.
Evaluating population using surrogate for generation 2.
Finished generation 2 in 1.3803233050275594 seconds.
Writing Pareto Fronts for generation 2.
Qualified Individuals: 1/1
Finished the evolution of weights using surrogate at generation 2.
Number of qualified individuals: 1
Time taken: 45.80s
Generating predefined weights.
Running the hybrid online-offline solver for experiment: 15_0.23_False_5_0.5_1_dc_7
Initial population of 20 individuals created. Starting evolution.
Decoding population for generation 1.
Decoded 20 individuals in 16.01 seconds.
Population decoded for generation 1. Starting evaluation.
Caching surrogate evaluations for generation 1.
Cached demands for 1024 embedding graphs in 0.78 seconds.
Latency prediction took 1.48 seconds for generation 1.
Evaluating population using surrogate for generation 1.
Finished generation 1 in 1.3678342949133366 seconds.
Writing Pareto Fronts for generation 1.
Qualified Individuals: 0/1
Qualified individuals less than 1. Continuing evolution.
Generation 2 started. Performing genetic operations.
Offspring generated for generation 2. Evaluating offspring.
Decoding population for generation 2.
Decoded 20 individuals in 16.12 seconds.
Population decoded for generation 2. Starting evaluation.
Caching surrogate evaluations for generation 2.
Cached demands for 1035 embedding graphs in 0.78 seconds.
Latency prediction took 1.56 seconds for generation 2.
Evaluating population using surrogate for generation 2.
Finished generation 2 in 1.4134977459907532 seconds.
Writing Pareto Fronts for generation 2.
Qualified Individuals: 0/1
Qualified individuals less than 1. Continuing evolution.
Generation 3 started. Performing genetic operations.
Offspring generated for generation 3. Evaluating offspring.
Decoding population for generation 3.
Decoded 20 individuals in 17.43 seconds.
Population decoded for generation 3. Starting evaluation.
Caching surrogate evaluations for generation 3.
Cached demands for 1018 embedding graphs in 0.79 seconds.
Latency prediction took 1.53 seconds for generation 3.
Evaluating population using surrogate for generation 3.
Finished generation 3 in 1.443467000965029 seconds.
Writing Pareto Fronts for generation 3.
Qualified Individuals: 0/1
Qualified individuals less than 1. Continuing evolution.
Generation 4 started. Performing genetic operations.
Offspring generated for generation 4. Evaluating offspring.
Decoding population for generation 4.
Decoded 20 individuals in 16.47 seconds.
Population decoded for generation 4. Starting evaluation.
Caching surrogate evaluations for generation 4.
Cached demands for 1030 embedding graphs in 1.09 seconds.
Latency prediction took 1.59 seconds for generation 4.
Evaluating population using surrogate for generation 4.
Finished generation 4 in 1.472211356041953 seconds.
Writing Pareto Fronts for generation 4.
Qualified Individuals: 0/1
Qualified individuals less than 1. Continuing evolution.
Generation 5 started. Performing genetic operations.
Offspring generated for generation 5. Evaluating offspring.
Decoding population for generation 5.
Decoded 20 individuals in 16.76 seconds.
Population decoded for generation 5. Starting evaluation.
Caching surrogate evaluations for generation 5.
Cached demands for 1024 embedding graphs in 0.80 seconds.
Latency prediction took 1.50 seconds for generation 5.
Evaluating population using surrogate for generation 5.
Finished generation 5 in 1.3701989438850433 seconds.
Writing Pareto Fronts for generation 5.
Qualified Individuals: 0/1
Qualified individuals less than 1. Continuing evolution.
Generation 6 started. Performing genetic operations.
Offspring generated for generation 6. Evaluating offspring.
Decoding population for generation 6.
Decoded 20 individuals in 16.60 seconds.
Population decoded for generation 6. Starting evaluation.
Caching surrogate evaluations for generation 6.
Cached demands for 1038 embedding graphs in 0.80 seconds.
Latency prediction took 1.52 seconds for generation 6.
Evaluating population using surrogate for generation 6.
Finished generation 6 in 1.3740562328603119 seconds.
Writing Pareto Fronts for generation 6.
Qualified Individuals: 0/1
Qualified individuals less than 1. Continuing evolution.
Generation 7 started. Performing genetic operations.
Offspring generated for generation 7. Evaluating offspring.
Decoding population for generation 7.
Decoded 20 individuals in 18.62 seconds.
Population decoded for generation 7. Starting evaluation.
Caching surrogate evaluations for generation 7.
Cached demands for 1018 embedding graphs in 1.07 seconds.
Latency prediction took 1.58 seconds for generation 7.
Evaluating population using surrogate for generation 7.
Finished generation 7 in 1.4047037770505995 seconds.
Writing Pareto Fronts for generation 7.
Qualified Individuals: 0/1
Qualified individuals less than 1. Continuing evolution.
Generation 8 started. Performing genetic operations.
Offspring generated for generation 8. Evaluating offspring.
Decoding population for generation 8.
Decoded 20 individuals in 18.11 seconds.
Population decoded for generation 8. Starting evaluation.
Caching surrogate evaluations for generation 8.
Cached demands for 1033 embedding graphs in 0.81 seconds.
Latency prediction took 1.53 seconds for generation 8.
Evaluating population using surrogate for generation 8.
Finished generation 8 in 1.4378899240400642 seconds.
Writing Pareto Fronts for generation 8.
Qualified Individuals: 1/1
Finished the evolution of weights using surrogate at generation 8.
Number of qualified individuals: 1
Time taken: 166.77s
Generating predefined weights.
Running the hybrid online-offline solver for experiment: 15_0.23_False_5_0.5_1_dc_8
Initial population of 20 individuals created. Starting evolution.
Decoding population for generation 1.
Decoded 20 individuals in 19.39 seconds.
Population decoded for generation 1. Starting evaluation.
Caching surrogate evaluations for generation 1.
Cached demands for 1023 embedding graphs in 0.81 seconds.
Latency prediction took 1.49 seconds for generation 1.
Evaluating population using surrogate for generation 1.
Finished generation 1 in 1.3772564639803022 seconds.
Writing Pareto Fronts for generation 1.
Qualified Individuals: 0/1
Qualified individuals less than 1. Continuing evolution.
Generation 2 started. Performing genetic operations.
Offspring generated for generation 2. Evaluating offspring.
Decoding population for generation 2.
Decoded 20 individuals in 15.16 seconds.
Population decoded for generation 2. Starting evaluation.
Caching surrogate evaluations for generation 2.
Cached demands for 1020 embedding graphs in 0.80 seconds.
Latency prediction took 1.70 seconds for generation 2.
Evaluating population using surrogate for generation 2.
Finished generation 2 in 1.4457227089442313 seconds.
Writing Pareto Fronts for generation 2.
Qualified Individuals: 0/1
Qualified individuals less than 1. Continuing evolution.
Generation 3 started. Performing genetic operations.
Offspring generated for generation 3. Evaluating offspring.
Decoding population for generation 3.
Decoded 20 individuals in 18.26 seconds.
Population decoded for generation 3. Starting evaluation.
Caching surrogate evaluations for generation 3.
Cached demands for 1037 embedding graphs in 0.82 seconds.
Latency prediction took 1.65 seconds for generation 3.
Evaluating population using surrogate for generation 3.
Finished generation 3 in 1.3988785289693624 seconds.
Writing Pareto Fronts for generation 3.
Qualified Individuals: 0/1
Qualified individuals less than 1. Continuing evolution.
Generation 4 started. Performing genetic operations.
Offspring generated for generation 4. Evaluating offspring.
Decoding population for generation 4.
Decoded 20 individuals in 18.68 seconds.
Population decoded for generation 4. Starting evaluation.
Caching surrogate evaluations for generation 4.
Cached demands for 1034 embedding graphs in 0.81 seconds.
Latency prediction took 1.50 seconds for generation 4.
Evaluating population using surrogate for generation 4.
Finished generation 4 in 1.3859827120322734 seconds.
Writing Pareto Fronts for generation 4.
Qualified Individuals: 0/1
Qualified individuals less than 1. Continuing evolution.
Generation 5 started. Performing genetic operations.
Offspring generated for generation 5. Evaluating offspring.
Decoding population for generation 5.
Decoded 20 individuals in 15.55 seconds.
Population decoded for generation 5. Starting evaluation.
Caching surrogate evaluations for generation 5.
Cached demands for 1023 embedding graphs in 0.80 seconds.
Latency prediction took 1.62 seconds for generation 5.
Evaluating population using surrogate for generation 5.
Finished generation 5 in 1.4365000580437481 seconds.
Writing Pareto Fronts for generation 5.
Qualified Individuals: 0/1
Qualified individuals less than 1. Continuing evolution.
Generation 6 started. Performing genetic operations.
Offspring generated for generation 6. Evaluating offspring.
Decoding population for generation 6.
Decoded 20 individuals in 17.82 seconds.
Population decoded for generation 6. Starting evaluation.
Caching surrogate evaluations for generation 6.
Cached demands for 1023 embedding graphs in 0.82 seconds.
Latency prediction took 1.63 seconds for generation 6.
Evaluating population using surrogate for generation 6.
Finished generation 6 in 1.4995044299867004 seconds.
Writing Pareto Fronts for generation 6.
Qualified Individuals: 0/1
Qualified individuals less than 1. Continuing evolution.
Generation 7 started. Performing genetic operations.
Offspring generated for generation 7. Evaluating offspring.
Decoding population for generation 7.
Decoded 20 individuals in 17.35 seconds.
Population decoded for generation 7. Starting evaluation.
Caching surrogate evaluations for generation 7.
Cached demands for 1017 embedding graphs in 1.09 seconds.
Latency prediction took 1.68 seconds for generation 7.
Evaluating population using surrogate for generation 7.
Finished generation 7 in 1.3574081358965486 seconds.
Writing Pareto Fronts for generation 7.
Qualified Individuals: 0/1
Qualified individuals less than 1. Continuing evolution.
Generation 8 started. Performing genetic operations.
Offspring generated for generation 8. Evaluating offspring.
Decoding population for generation 8.
Decoded 20 individuals in 17.13 seconds.
Population decoded for generation 8. Starting evaluation.
Caching surrogate evaluations for generation 8.
Cached demands for 1033 embedding graphs in 0.82 seconds.
Latency prediction took 1.56 seconds for generation 8.
Evaluating population using surrogate for generation 8.
Finished generation 8 in 1.4010423941072077 seconds.
Writing Pareto Fronts for generation 8.
Qualified Individuals: 0/1
Qualified individuals less than 1. Continuing evolution.
Generation 9 started. Performing genetic operations.
Offspring generated for generation 9. Evaluating offspring.
Decoding population for generation 9.
Decoded 20 individuals in 15.82 seconds.
Population decoded for generation 9. Starting evaluation.
Caching surrogate evaluations for generation 9.
Cached demands for 1018 embedding graphs in 0.79 seconds.
Latency prediction took 1.66 seconds for generation 9.
Evaluating population using surrogate for generation 9.
Finished generation 9 in 1.4817659419495612 seconds.
Writing Pareto Fronts for generation 9.
Qualified Individuals: 0/1
Qualified individuals less than 1. Continuing evolution.
Generation 10 started. Performing genetic operations.
Offspring generated for generation 10. Evaluating offspring.
Decoding population for generation 10.
Decoded 20 individuals in 18.09 seconds.
Population decoded for generation 10. Starting evaluation.
Caching surrogate evaluations for generation 10.
Cached demands for 1013 embedding graphs in 1.05 seconds.
Latency prediction took 1.53 seconds for generation 10.
Evaluating population using surrogate for generation 10.
Finished generation 10 in 1.3870757268741727 seconds.
Writing Pareto Fronts for generation 10.
Qualified Individuals: 0/1
Qualified individuals less than 1. Continuing evolution.
Generation 11 started. Performing genetic operations.
Offspring generated for generation 11. Evaluating offspring.
Decoding population for generation 11.
Decoded 20 individuals in 16.93 seconds.
Population decoded for generation 11. Starting evaluation.
Caching surrogate evaluations for generation 11.
Cached demands for 1041 embedding graphs in 0.79 seconds.
Latency prediction took 1.54 seconds for generation 11.
Evaluating population using surrogate for generation 11.
Finished generation 11 in 1.421186812222004 seconds.
Writing Pareto Fronts for generation 11.
Qualified Individuals: 0/1
Qualified individuals less than 1. Continuing evolution.
Generation 12 started. Performing genetic operations.
Offspring generated for generation 12. Evaluating offspring.
Decoding population for generation 12.
Decoded 20 individuals in 16.47 seconds.
Population decoded for generation 12. Starting evaluation.
Caching surrogate evaluations for generation 12.
Cached demands for 1037 embedding graphs in 0.82 seconds.
Latency prediction took 1.68 seconds for generation 12.
Evaluating population using surrogate for generation 12.
Finished generation 12 in 1.4265532921999693 seconds.
Writing Pareto Fronts for generation 12.
Qualified Individuals: 0/1
Qualified individuals less than 1. Continuing evolution.
Generation 13 started. Performing genetic operations.
Offspring generated for generation 13. Evaluating offspring.
Decoding population for generation 13.
Decoded 20 individuals in 16.58 seconds.
Population decoded for generation 13. Starting evaluation.
Caching surrogate evaluations for generation 13.
Cached demands for 1007 embedding graphs in 0.82 seconds.
Latency prediction took 1.56 seconds for generation 13.
Evaluating population using surrogate for generation 13.
Finished generation 13 in 1.469735536025837 seconds.
Writing Pareto Fronts for generation 13.
Qualified Individuals: 0/1
Qualified individuals less than 1. Continuing evolution.
Generation 14 started. Performing genetic operations.
Offspring generated for generation 14. Evaluating offspring.
Decoding population for generation 14.
Decoded 20 individuals in 15.60 seconds.
Population decoded for generation 14. Starting evaluation.
Caching surrogate evaluations for generation 14.
Cached demands for 1016 embedding graphs in 0.80 seconds.
Latency prediction took 1.62 seconds for generation 14.
Evaluating population using surrogate for generation 14.
Finished generation 14 in 1.4854169141035527 seconds.
Writing Pareto Fronts for generation 14.
Qualified Individuals: 0/1
Qualified individuals less than 1. Continuing evolution.
Generation 15 started. Performing genetic operations.
Offspring generated for generation 15. Evaluating offspring.
Decoding population for generation 15.
Decoded 20 individuals in 17.08 seconds.
Population decoded for generation 15. Starting evaluation.
Caching surrogate evaluations for generation 15.
Cached demands for 1039 embedding graphs in 0.80 seconds.
Latency prediction took 1.56 seconds for generation 15.
Evaluating population using surrogate for generation 15.
Finished generation 15 in 1.4859114470891654 seconds.
Writing Pareto Fronts for generation 15.
Qualified Individuals: 0/1
Qualified individuals less than 1. Continuing evolution.
Generation 16 started. Performing genetic operations.
Offspring generated for generation 16. Evaluating offspring.
Decoding population for generation 16.
Decoded 20 individuals in 18.86 seconds.
Population decoded for generation 16. Starting evaluation.
Caching surrogate evaluations for generation 16.
Cached demands for 1026 embedding graphs in 0.80 seconds.
Latency prediction took 1.60 seconds for generation 16.
Evaluating population using surrogate for generation 16.
Finished generation 16 in 1.4360753409564495 seconds.
Writing Pareto Fronts for generation 16.
Qualified Individuals: 0/1
Qualified individuals less than 1. Continuing evolution.
Generation 17 started. Performing genetic operations.
Offspring generated for generation 17. Evaluating offspring.
Decoding population for generation 17.
Decoded 20 individuals in 18.90 seconds.
Population decoded for generation 17. Starting evaluation.
Caching surrogate evaluations for generation 17.
Cached demands for 1040 embedding graphs in 0.79 seconds.
Latency prediction took 1.58 seconds for generation 17.
Evaluating population using surrogate for generation 17.
Finished generation 17 in 1.430379191879183 seconds.
Writing Pareto Fronts for generation 17.
Qualified Individuals: 1/1
Finished the evolution of weights using surrogate at generation 17.
Number of qualified individuals: 1
Time taken: 359.80s
Generating predefined weights.
Running the hybrid online-offline solver for experiment: 15_0.23_False_5_0.5_1_dc_9
Initial population of 20 individuals created. Starting evolution.
Decoding population for generation 1.
Decoded 20 individuals in 16.67 seconds.
Population decoded for generation 1. Starting evaluation.
Caching surrogate evaluations for generation 1.
Cached demands for 1037 embedding graphs in 1.06 seconds.
Latency prediction took 1.56 seconds for generation 1.
Evaluating population using surrogate for generation 1.
Finished generation 1 in 1.514550921972841 seconds.
Writing Pareto Fronts for generation 1.
Qualified Individuals: 1/1
Finished the evolution of weights using surrogate at generation 1.
Number of qualified individuals: 1
Time taken: 20.81s
Generating predefined weights.
Running the hybrid online-offline solver for experiment: 15_0.23_False_5_0.5_1_dc_10
Initial population of 20 individuals created. Starting evolution.
Decoding population for generation 1.
Decoded 20 individuals in 17.90 seconds.
Population decoded for generation 1. Starting evaluation.
Caching surrogate evaluations for generation 1.
Cached demands for 1026 embedding graphs in 0.77 seconds.
Latency prediction took 1.70 seconds for generation 1.
Evaluating population using surrogate for generation 1.
Finished generation 1 in 1.476196279982105 seconds.
Writing Pareto Fronts for generation 1.
Qualified Individuals: 0/1
Qualified individuals less than 1. Continuing evolution.
Generation 2 started. Performing genetic operations.
Offspring generated for generation 2. Evaluating offspring.
Decoding population for generation 2.
Decoded 20 individuals in 16.59 seconds.
Population decoded for generation 2. Starting evaluation.
Caching surrogate evaluations for generation 2.
Cached demands for 1035 embedding graphs in 0.80 seconds.
Latency prediction took 1.56 seconds for generation 2.
Evaluating population using surrogate for generation 2.
Finished generation 2 in 1.4630328409839422 seconds.
Writing Pareto Fronts for generation 2.
Qualified Individuals: 1/1
Finished the evolution of weights using surrogate at generation 2.
Number of qualified individuals: 1
Time taken: 42.29s
Generating predefined weights.
Running the hybrid online-offline solver for experiment: 15_0.23_False_5_0.5_1_dc_11
Initial population of 20 individuals created. Starting evolution.
Decoding population for generation 1.
Decoded 20 individuals in 17.41 seconds.
Population decoded for generation 1. Starting evaluation.
Caching surrogate evaluations for generation 1.
Cached demands for 1020 embedding graphs in 1.04 seconds.
Latency prediction took 1.61 seconds for generation 1.
Evaluating population using surrogate for generation 1.
Finished generation 1 in 1.4491604049690068 seconds.
Writing Pareto Fronts for generation 1.
Qualified Individuals: 0/1
Qualified individuals less than 1. Continuing evolution.
Generation 2 started. Performing genetic operations.
Offspring generated for generation 2. Evaluating offspring.
Decoding population for generation 2.
Decoded 20 individuals in 15.33 seconds.
Population decoded for generation 2. Starting evaluation.
Caching surrogate evaluations for generation 2.
Cached demands for 1038 embedding graphs in 0.82 seconds.
Latency prediction took 1.69 seconds for generation 2.
Evaluating population using surrogate for generation 2.
Finished generation 2 in 1.546707258792594 seconds.
Writing Pareto Fronts for generation 2.
Qualified Individuals: 1/1
Finished the evolution of weights using surrogate at generation 2.
Number of qualified individuals: 1
Time taken: 40.95s
Generating predefined weights.
Running the hybrid online-offline solver for experiment: 15_0.23_False_5_0.5_1_dc_12
Initial population of 20 individuals created. Starting evolution.
Decoding population for generation 1.
Decoded 20 individuals in 18.45 seconds.
Population decoded for generation 1. Starting evaluation.
Caching surrogate evaluations for generation 1.
Cached demands for 1020 embedding graphs in 0.81 seconds.
Latency prediction took 1.62 seconds for generation 1.
Evaluating population using surrogate for generation 1.
Finished generation 1 in 1.4827207799535245 seconds.
Writing Pareto Fronts for generation 1.
Qualified Individuals: 1/1
Finished the evolution of weights using surrogate at generation 1.
Number of qualified individuals: 1
Time taken: 22.38s
Generating predefined weights.
Running the hybrid online-offline solver for experiment: 15_0.23_False_5_0.5_1_dc_13
Initial population of 20 individuals created. Starting evolution.
Decoding population for generation 1.
Decoded 20 individuals in 18.78 seconds.
Population decoded for generation 1. Starting evaluation.
Caching surrogate evaluations for generation 1.
Cached demands for 1022 embedding graphs in 0.82 seconds.
Latency prediction took 1.60 seconds for generation 1.
Evaluating population using surrogate for generation 1.
Finished generation 1 in 1.483112326823175 seconds.
Writing Pareto Fronts for generation 1.
Qualified Individuals: 0/1
Qualified individuals less than 1. Continuing evolution.
Generation 2 started. Performing genetic operations.
Offspring generated for generation 2. Evaluating offspring.
Decoding population for generation 2.
Decoded 20 individuals in 18.00 seconds.
Population decoded for generation 2. Starting evaluation.
Caching surrogate evaluations for generation 2.
Cached demands for 1031 embedding graphs in 0.80 seconds.
Latency prediction took 1.54 seconds for generation 2.
Evaluating population using surrogate for generation 2.
Finished generation 2 in 1.4455331892240793 seconds.
Writing Pareto Fronts for generation 2.
Qualified Individuals: 0/1
Qualified individuals less than 1. Continuing evolution.
Generation 3 started. Performing genetic operations.
Offspring generated for generation 3. Evaluating offspring.
Decoding population for generation 3.
Decoded 20 individuals in 18.75 seconds.
Population decoded for generation 3. Starting evaluation.
Caching surrogate evaluations for generation 3.
Cached demands for 1022 embedding graphs in 0.80 seconds.
Latency prediction took 1.58 seconds for generation 3.
Evaluating population using surrogate for generation 3.
Finished generation 3 in 1.46710510016419 seconds.
Writing Pareto Fronts for generation 3.
Qualified Individuals: 0/1
Qualified individuals less than 1. Continuing evolution.
Generation 4 started. Performing genetic operations.
Offspring generated for generation 4. Evaluating offspring.
Decoding population for generation 4.
Decoded 20 individuals in 18.42 seconds.
Population decoded for generation 4. Starting evaluation.
Caching surrogate evaluations for generation 4.
Cached demands for 1026 embedding graphs in 0.81 seconds.
Latency prediction took 1.64 seconds for generation 4.
Evaluating population using surrogate for generation 4.
Finished generation 4 in 1.4450568510219455 seconds.
Writing Pareto Fronts for generation 4.
Qualified Individuals: 0/1
Qualified individuals less than 1. Continuing evolution.
Generation 5 started. Performing genetic operations.
Offspring generated for generation 5. Evaluating offspring.
Decoding population for generation 5.
Decoded 20 individuals in 18.79 seconds.
Population decoded for generation 5. Starting evaluation.
Caching surrogate evaluations for generation 5.
Cached demands for 1016 embedding graphs in 0.79 seconds.
Latency prediction took 1.55 seconds for generation 5.
Evaluating population using surrogate for generation 5.
Finished generation 5 in 1.4803094689268619 seconds.
Writing Pareto Fronts for generation 5.
Qualified Individuals: 0/1
Qualified individuals less than 1. Continuing evolution.
Generation 6 started. Performing genetic operations.
Offspring generated for generation 6. Evaluating offspring.
Decoding population for generation 6.
Decoded 20 individuals in 19.91 seconds.
Population decoded for generation 6. Starting evaluation.
Caching surrogate evaluations for generation 6.
Cached demands for 1037 embedding graphs in 0.81 seconds.
Latency prediction took 1.61 seconds for generation 6.
Evaluating population using surrogate for generation 6.
Finished generation 6 in 1.5313517609611154 seconds.
Writing Pareto Fronts for generation 6.
Qualified Individuals: 1/1
Finished the evolution of weights using surrogate at generation 6.
Number of qualified individuals: 1
Time taken: 136.01s
Generating predefined weights.
Running the hybrid online-offline solver for experiment: 15_0.23_False_5_0.5_1_dc_14
Initial population of 20 individuals created. Starting evolution.
Decoding population for generation 1.
Decoded 20 individuals in 18.42 seconds.
Population decoded for generation 1. Starting evaluation.
Caching surrogate evaluations for generation 1.
Cached demands for 1019 embedding graphs in 0.82 seconds.
Latency prediction took 1.65 seconds for generation 1.
Evaluating population using surrogate for generation 1.
Finished generation 1 in 1.4983590999618173 seconds.
Writing Pareto Fronts for generation 1.
Qualified Individuals: 0/1
Qualified individuals less than 1. Continuing evolution.
Generation 2 started. Performing genetic operations.
Offspring generated for generation 2. Evaluating offspring.
Decoding population for generation 2.
Decoded 20 individuals in 18.42 seconds.
Population decoded for generation 2. Starting evaluation.
Caching surrogate evaluations for generation 2.
Cached demands for 1031 embedding graphs in 0.81 seconds.
Latency prediction took 1.61 seconds for generation 2.
Evaluating population using surrogate for generation 2.
Finished generation 2 in 1.4410162281710654 seconds.
Writing Pareto Fronts for generation 2.
Qualified Individuals: 0/1
Qualified individuals less than 1. Continuing evolution.
Generation 3 started. Performing genetic operations.
Offspring generated for generation 3. Evaluating offspring.
Decoding population for generation 3.
Decoded 20 individuals in 17.68 seconds.
Population decoded for generation 3. Starting evaluation.
Caching surrogate evaluations for generation 3.
Cached demands for 1009 embedding graphs in 0.82 seconds.
Latency prediction took 1.54 seconds for generation 3.
Evaluating population using surrogate for generation 3.
Finished generation 3 in 1.5266579270828515 seconds.
Writing Pareto Fronts for generation 3.
Qualified Individuals: 0/1
Qualified individuals less than 1. Continuing evolution.
Generation 4 started. Performing genetic operations.
Offspring generated for generation 4. Evaluating offspring.
Decoding population for generation 4.
Decoded 20 individuals in 20.11 seconds.
Population decoded for generation 4. Starting evaluation.
Caching surrogate evaluations for generation 4.
Cached demands for 1014 embedding graphs in 0.80 seconds.
Latency prediction took 1.64 seconds for generation 4.
Evaluating population using surrogate for generation 4.
Finished generation 4 in 1.4160403590649366 seconds.
Writing Pareto Fronts for generation 4.
Qualified Individuals: 1/1
Finished the evolution of weights using surrogate at generation 4.
Number of qualified individuals: 1
Time taken: 90.29s
Generating predefined weights.
Running the hybrid online-offline solver for experiment: 15_0.23_False_5_0.5_1_dc_15
Initial population of 20 individuals created. Starting evolution.
Decoding population for generation 1.
Decoded 20 individuals in 17.09 seconds.
Population decoded for generation 1. Starting evaluation.
Caching surrogate evaluations for generation 1.
Cached demands for 1020 embedding graphs in 0.80 seconds.
Latency prediction took 1.60 seconds for generation 1.
Evaluating population using surrogate for generation 1.
Finished generation 1 in 1.5107665888499469 seconds.
Writing Pareto Fronts for generation 1.
Qualified Individuals: 1/1
Finished the evolution of weights using surrogate at generation 1.
Number of qualified individuals: 1
Time taken: 21.02s
Generating predefined weights.
Running the hybrid online-offline solver for experiment: 15_0.23_False_5_0.5_1_dc_16
Initial population of 20 individuals created. Starting evolution.
Decoding population for generation 1.
Decoded 20 individuals in 17.14 seconds.
Population decoded for generation 1. Starting evaluation.
Caching surrogate evaluations for generation 1.
Cached demands for 1018 embedding graphs in 0.81 seconds.
Latency prediction took 1.54 seconds for generation 1.
Evaluating population using surrogate for generation 1.
Finished generation 1 in 1.395561832934618 seconds.
Writing Pareto Fronts for generation 1.
Qualified Individuals: 0/1
Qualified individuals less than 1. Continuing evolution.
Generation 2 started. Performing genetic operations.
Offspring generated for generation 2. Evaluating offspring.
Decoding population for generation 2.
Decoded 20 individuals in 15.80 seconds.
Population decoded for generation 2. Starting evaluation.
Caching surrogate evaluations for generation 2.
Cached demands for 1024 embedding graphs in 0.80 seconds.
Latency prediction took 1.53 seconds for generation 2.
Evaluating population using surrogate for generation 2.
Finished generation 2 in 1.5463539380580187 seconds.
Writing Pareto Fronts for generation 2.
Qualified Individuals: 0/1
Qualified individuals less than 1. Continuing evolution.
Generation 3 started. Performing genetic operations.
Offspring generated for generation 3. Evaluating offspring.
Decoding population for generation 3.
Decoded 20 individuals in 17.93 seconds.
Population decoded for generation 3. Starting evaluation.
Caching surrogate evaluations for generation 3.
Cached demands for 1041 embedding graphs in 0.82 seconds.
Latency prediction took 1.59 seconds for generation 3.
Evaluating population using surrogate for generation 3.
Finished generation 3 in 1.4901715989690274 seconds.
Writing Pareto Fronts for generation 3.
Qualified Individuals: 0/1
Qualified individuals less than 1. Continuing evolution.
Generation 4 started. Performing genetic operations.
Offspring generated for generation 4. Evaluating offspring.
Decoding population for generation 4.
Decoded 20 individuals in 17.22 seconds.
Population decoded for generation 4. Starting evaluation.
Caching surrogate evaluations for generation 4.
Cached demands for 1022 embedding graphs in 0.82 seconds.
Latency prediction took 1.50 seconds for generation 4.
Evaluating population using surrogate for generation 4.
Finished generation 4 in 1.3708968909922987 seconds.
Writing Pareto Fronts for generation 4.
Qualified Individuals: 0/1
Qualified individuals less than 1. Continuing evolution.
Generation 5 started. Performing genetic operations.
Offspring generated for generation 5. Evaluating offspring.
Decoding population for generation 5.
Decoded 20 individuals in 18.37 seconds.
Population decoded for generation 5. Starting evaluation.
Caching surrogate evaluations for generation 5.
Cached demands for 1035 embedding graphs in 0.81 seconds.
Latency prediction took 1.63 seconds for generation 5.
Evaluating population using surrogate for generation 5.
Finished generation 5 in 1.563616808038205 seconds.
Writing Pareto Fronts for generation 5.
Qualified Individuals: 0/1
Qualified individuals less than 1. Continuing evolution.
Generation 6 started. Performing genetic operations.
Offspring generated for generation 6. Evaluating offspring.
Decoding population for generation 6.
Decoded 20 individuals in 17.18 seconds.
Population decoded for generation 6. Starting evaluation.
Caching surrogate evaluations for generation 6.
Cached demands for 999 embedding graphs in 0.83 seconds.
Latency prediction took 1.55 seconds for generation 6.
Evaluating population using surrogate for generation 6.
Finished generation 6 in 1.4819245301187038 seconds.
Writing Pareto Fronts for generation 6.
Qualified Individuals: 0/1
Qualified individuals less than 1. Continuing evolution.
Generation 7 started. Performing genetic operations.
Offspring generated for generation 7. Evaluating offspring.
Decoding population for generation 7.
Decoded 20 individuals in 17.02 seconds.
Population decoded for generation 7. Starting evaluation.
Caching surrogate evaluations for generation 7.
Cached demands for 1061 embedding graphs in 1.08 seconds.
Latency prediction took 1.68 seconds for generation 7.
Evaluating population using surrogate for generation 7.
Finished generation 7 in 1.4714820669032633 seconds.
Writing Pareto Fronts for generation 7.
Qualified Individuals: 0/1
Qualified individuals less than 1. Continuing evolution.
Generation 8 started. Performing genetic operations.
Offspring generated for generation 8. Evaluating offspring.
Decoding population for generation 8.
Decoded 20 individuals in 17.31 seconds.
Population decoded for generation 8. Starting evaluation.
Caching surrogate evaluations for generation 8.
Cached demands for 1010 embedding graphs in 0.81 seconds.
Latency prediction took 1.59 seconds for generation 8.
Evaluating population using surrogate for generation 8.
Finished generation 8 in 1.5248153139837086 seconds.
Writing Pareto Fronts for generation 8.
Qualified Individuals: 0/1
Qualified individuals less than 1. Continuing evolution.
Generation 9 started. Performing genetic operations.
Offspring generated for generation 9. Evaluating offspring.
Decoding population for generation 9.
Decoded 20 individuals in 18.06 seconds.
Population decoded for generation 9. Starting evaluation.
Caching surrogate evaluations for generation 9.
Cached demands for 1031 embedding graphs in 0.82 seconds.
Latency prediction took 1.68 seconds for generation 9.
Evaluating population using surrogate for generation 9.
Finished generation 9 in 1.4548825609963387 seconds.
Writing Pareto Fronts for generation 9.
Qualified Individuals: 0/1
Qualified individuals less than 1. Continuing evolution.
Generation 10 started. Performing genetic operations.
Offspring generated for generation 10. Evaluating offspring.
Decoding population for generation 10.
Decoded 20 individuals in 18.45 seconds.
Population decoded for generation 10. Starting evaluation.
Caching surrogate evaluations for generation 10.
Cached demands for 1051 embedding graphs in 1.09 seconds.
Latency prediction took 1.63 seconds for generation 10.
Evaluating population using surrogate for generation 10.
Finished generation 10 in 1.479081504046917 seconds.
Writing Pareto Fronts for generation 10.
Qualified Individuals: 0/1
Qualified individuals less than 1. Continuing evolution.
Generation 11 started. Performing genetic operations.
Offspring generated for generation 11. Evaluating offspring.
Decoding population for generation 11.
Decoded 20 individuals in 16.82 seconds.
Population decoded for generation 11. Starting evaluation.
Caching surrogate evaluations for generation 11.
Cached demands for 1031 embedding graphs in 0.80 seconds.
Latency prediction took 1.66 seconds for generation 11.
Evaluating population using surrogate for generation 11.
Finished generation 11 in 1.4408779561053962 seconds.
Writing Pareto Fronts for generation 11.
Qualified Individuals: 0/1
Qualified individuals less than 1. Continuing evolution.
Generation 12 started. Performing genetic operations.
Offspring generated for generation 12. Evaluating offspring.
Decoding population for generation 12.
Decoded 20 individuals in 18.07 seconds.
Population decoded for generation 12. Starting evaluation.
Caching surrogate evaluations for generation 12.
Cached demands for 1019 embedding graphs in 0.83 seconds.
Latency prediction took 1.68 seconds for generation 12.
Evaluating population using surrogate for generation 12.
Finished generation 12 in 1.4970487661194056 seconds.
Writing Pareto Fronts for generation 12.
Qualified Individuals: 0/1
Qualified individuals less than 1. Continuing evolution.
Generation 13 started. Performing genetic operations.
Offspring generated for generation 13. Evaluating offspring.
Decoding population for generation 13.
Decoded 20 individuals in 17.98 seconds.
Population decoded for generation 13. Starting evaluation.
Caching surrogate evaluations for generation 13.
Cached demands for 1031 embedding graphs in 0.79 seconds.
Latency prediction took 1.59 seconds for generation 13.
Evaluating population using surrogate for generation 13.
Finished generation 13 in 1.4385138561483473 seconds.
Writing Pareto Fronts for generation 13.
Qualified Individuals: 0/1
Qualified individuals less than 1. Continuing evolution.
Generation 14 started. Performing genetic operations.
Offspring generated for generation 14. Evaluating offspring.
Decoding population for generation 14.
Decoded 20 individuals in 19.35 seconds.
Population decoded for generation 14. Starting evaluation.
Caching surrogate evaluations for generation 14.
Cached demands for 1019 embedding graphs in 0.80 seconds.
Latency prediction took 1.60 seconds for generation 14.
Evaluating population using surrogate for generation 14.
Finished generation 14 in 1.5257679540663958 seconds.
Writing Pareto Fronts for generation 14.
Qualified Individuals: 1/1
Finished the evolution of weights using surrogate at generation 14.
Number of qualified individuals: 1
Time taken: 302.09s
Generating predefined weights.
Running the hybrid online-offline solver for experiment: 15_0.23_False_5_0.5_1_dc_17
Initial population of 20 individuals created. Starting evolution.
Decoding population for generation 1.
Decoded 20 individuals in 17.29 seconds.
Population decoded for generation 1. Starting evaluation.
Caching surrogate evaluations for generation 1.
Cached demands for 1037 embedding graphs in 0.79 seconds.
Latency prediction took 1.60 seconds for generation 1.
Evaluating population using surrogate for generation 1.
Finished generation 1 in 1.9469774649478495 seconds.
Writing Pareto Fronts for generation 1.
Qualified Individuals: 0/1
Qualified individuals less than 1. Continuing evolution.
Generation 2 started. Performing genetic operations.
Offspring generated for generation 2. Evaluating offspring.
Decoding population for generation 2.
Decoded 20 individuals in 17.41 seconds.
Population decoded for generation 2. Starting evaluation.
Caching surrogate evaluations for generation 2.
Cached demands for 1033 embedding graphs in 0.81 seconds.
Latency prediction took 1.61 seconds for generation 2.
Evaluating population using surrogate for generation 2.
Finished generation 2 in 1.438841877039522 seconds.
Writing Pareto Fronts for generation 2.
Qualified Individuals: 0/1
Qualified individuals less than 1. Continuing evolution.
Generation 3 started. Performing genetic operations.
Offspring generated for generation 3. Evaluating offspring.
Decoding population for generation 3.
Decoded 20 individuals in 19.71 seconds.
Population decoded for generation 3. Starting evaluation.
Caching surrogate evaluations for generation 3.
Cached demands for 1021 embedding graphs in 0.81 seconds.
Latency prediction took 1.51 seconds for generation 3.
Evaluating population using surrogate for generation 3.
Finished generation 3 in 1.4195782481692731 seconds.
Writing Pareto Fronts for generation 3.
Qualified Individuals: 0/1
Qualified individuals less than 1. Continuing evolution.
Generation 4 started. Performing genetic operations.
Offspring generated for generation 4. Evaluating offspring.
Decoding population for generation 4.
Decoded 20 individuals in 18.75 seconds.
Population decoded for generation 4. Starting evaluation.
Caching surrogate evaluations for generation 4.
Cached demands for 1005 embedding graphs in 0.81 seconds.
Latency prediction took 1.60 seconds for generation 4.
Evaluating population using surrogate for generation 4.
Finished generation 4 in 1.4754427848383784 seconds.
Writing Pareto Fronts for generation 4.
Qualified Individuals: 0/1
Qualified individuals less than 1. Continuing evolution.
Generation 5 started. Performing genetic operations.
Offspring generated for generation 5. Evaluating offspring.
Decoding population for generation 5.
Decoded 20 individuals in 19.03 seconds.
Population decoded for generation 5. Starting evaluation.
Caching surrogate evaluations for generation 5.
Cached demands for 1030 embedding graphs in 0.81 seconds.
Latency prediction took 1.61 seconds for generation 5.
Evaluating population using surrogate for generation 5.
Finished generation 5 in 1.4703878830187023 seconds.
Writing Pareto Fronts for generation 5.
Qualified Individuals: 0/1
Qualified individuals less than 1. Continuing evolution.
Generation 6 started. Performing genetic operations.
Offspring generated for generation 6. Evaluating offspring.
Decoding population for generation 6.
Decoded 20 individuals in 18.33 seconds.
Population decoded for generation 6. Starting evaluation.
Caching surrogate evaluations for generation 6.
Cached demands for 1028 embedding graphs in 0.81 seconds.
Latency prediction took 1.59 seconds for generation 6.
Evaluating population using surrogate for generation 6.
Finished generation 6 in 1.4938866021111608 seconds.
Writing Pareto Fronts for generation 6.
Qualified Individuals: 1/1
Finished the evolution of weights using surrogate at generation 6.
Number of qualified individuals: 1
Time taken: 134.26s
Generating predefined weights.
Running the hybrid online-offline solver for experiment: 15_0.23_False_5_0.5_1_dc_18
Initial population of 20 individuals created. Starting evolution.
Decoding population for generation 1.
Decoded 20 individuals in 18.55 seconds.
Population decoded for generation 1. Starting evaluation.
Caching surrogate evaluations for generation 1.
Cached demands for 1018 embedding graphs in 0.81 seconds.
Latency prediction took 1.61 seconds for generation 1.
Evaluating population using surrogate for generation 1.
Finished generation 1 in 1.466676487121731 seconds.
Writing Pareto Fronts for generation 1.
Qualified Individuals: 0/1
Qualified individuals less than 1. Continuing evolution.
Generation 2 started. Performing genetic operations.
Offspring generated for generation 2. Evaluating offspring.
Decoding population for generation 2.
Decoded 20 individuals in 16.65 seconds.
Population decoded for generation 2. Starting evaluation.
Caching surrogate evaluations for generation 2.
Cached demands for 1009 embedding graphs in 0.81 seconds.
Latency prediction took 1.52 seconds for generation 2.
Evaluating population using surrogate for generation 2.
Finished generation 2 in 1.4333397839218378 seconds.
Writing Pareto Fronts for generation 2.
Qualified Individuals: 0/1
Qualified individuals less than 1. Continuing evolution.
Generation 3 started. Performing genetic operations.
Offspring generated for generation 3. Evaluating offspring.
Decoding population for generation 3.
Decoded 20 individuals in 18.41 seconds.
Population decoded for generation 3. Starting evaluation.
Caching surrogate evaluations for generation 3.
Cached demands for 1033 embedding graphs in 1.09 seconds.
Latency prediction took 1.61 seconds for generation 3.
Evaluating population using surrogate for generation 3.
Finished generation 3 in 1.4057603469118476 seconds.
Writing Pareto Fronts for generation 3.
Qualified Individuals: 1/1
Finished the evolution of weights using surrogate at generation 3.
Number of qualified individuals: 1
Time taken: 65.42s
Generating predefined weights.
Running the hybrid online-offline solver for experiment: 15_0.23_False_5_0.5_1_dc_19
Initial population of 20 individuals created. Starting evolution.
Decoding population for generation 1.
Decoded 20 individuals in 17.62 seconds.
Population decoded for generation 1. Starting evaluation.
Caching surrogate evaluations for generation 1.
Cached demands for 1033 embedding graphs in 0.82 seconds.
Latency prediction took 1.60 seconds for generation 1.
Evaluating population using surrogate for generation 1.
Finished generation 1 in 1.3997811200097203 seconds.
Writing Pareto Fronts for generation 1.
Qualified Individuals: 0/1
Qualified individuals less than 1. Continuing evolution.
Generation 2 started. Performing genetic operations.
Offspring generated for generation 2. Evaluating offspring.
Decoding population for generation 2.
Decoded 20 individuals in 15.45 seconds.
Population decoded for generation 2. Starting evaluation.
Caching surrogate evaluations for generation 2.
Cached demands for 1030 embedding graphs in 0.81 seconds.
Latency prediction took 1.54 seconds for generation 2.
Evaluating population using surrogate for generation 2.
Finished generation 2 in 1.4234640889335424 seconds.
Writing Pareto Fronts for generation 2.
Qualified Individuals: 0/1
Qualified individuals less than 1. Continuing evolution.
Generation 3 started. Performing genetic operations.
Offspring generated for generation 3. Evaluating offspring.
Decoding population for generation 3.
Decoded 20 individuals in 18.35 seconds.
Population decoded for generation 3. Starting evaluation.
Caching surrogate evaluations for generation 3.
Cached demands for 1025 embedding graphs in 0.82 seconds.
Latency prediction took 1.69 seconds for generation 3.
Evaluating population using surrogate for generation 3.
Finished generation 3 in 1.4584715969394892 seconds.
Writing Pareto Fronts for generation 3.
Qualified Individuals: 0/1
Qualified individuals less than 1. Continuing evolution.
Generation 4 started. Performing genetic operations.
Offspring generated for generation 4. Evaluating offspring.
Decoding population for generation 4.
Decoded 20 individuals in 18.34 seconds.
Population decoded for generation 4. Starting evaluation.
Caching surrogate evaluations for generation 4.
Cached demands for 1044 embedding graphs in 0.82 seconds.
Latency prediction took 1.59 seconds for generation 4.
Evaluating population using surrogate for generation 4.
Finished generation 4 in 1.4398087840527296 seconds.
Writing Pareto Fronts for generation 4.
Qualified Individuals: 0/1
Qualified individuals less than 1. Continuing evolution.
Generation 5 started. Performing genetic operations.
Offspring generated for generation 5. Evaluating offspring.
Decoding population for generation 5.
Decoded 20 individuals in 16.88 seconds.
Population decoded for generation 5. Starting evaluation.
Caching surrogate evaluations for generation 5.
Cached demands for 1035 embedding graphs in 1.07 seconds.
Latency prediction took 1.62 seconds for generation 5.
Evaluating population using surrogate for generation 5.
Finished generation 5 in 1.5086787180043757 seconds.
Writing Pareto Fronts for generation 5.
Qualified Individuals: 0/1
Qualified individuals less than 1. Continuing evolution.
Generation 6 started. Performing genetic operations.
Offspring generated for generation 6. Evaluating offspring.
Decoding population for generation 6.
Decoded 20 individuals in 16.93 seconds.
Population decoded for generation 6. Starting evaluation.
Caching surrogate evaluations for generation 6.
Cached demands for 1009 embedding graphs in 0.80 seconds.
Latency prediction took 1.61 seconds for generation 6.
Evaluating population using surrogate for generation 6.
Finished generation 6 in 1.457292356994003 seconds.
Writing Pareto Fronts for generation 6.
Qualified Individuals: 0/1
Qualified individuals less than 1. Continuing evolution.
Generation 7 started. Performing genetic operations.
Offspring generated for generation 7. Evaluating offspring.
Decoding population for generation 7.
Decoded 20 individuals in 18.18 seconds.
Population decoded for generation 7. Starting evaluation.
Caching surrogate evaluations for generation 7.
Cached demands for 1018 embedding graphs in 0.81 seconds.
Latency prediction took 1.54 seconds for generation 7.
Evaluating population using surrogate for generation 7.
Finished generation 7 in 1.4331125169992447 seconds.
Writing Pareto Fronts for generation 7.
Qualified Individuals: 0/1
Qualified individuals less than 1. Continuing evolution.
Generation 8 started. Performing genetic operations.
Offspring generated for generation 8. Evaluating offspring.
Decoding population for generation 8.
Decoded 20 individuals in 17.18 seconds.
Population decoded for generation 8. Starting evaluation.
Caching surrogate evaluations for generation 8.
Cached demands for 1022 embedding graphs in 1.07 seconds.
Latency prediction took 1.66 seconds for generation 8.
Evaluating population using surrogate for generation 8.
Finished generation 8 in 1.4617966490332037 seconds.
Writing Pareto Fronts for generation 8.
Qualified Individuals: 1/1
Finished the evolution of weights using surrogate at generation 8.
Number of qualified individuals: 1
Time taken: 170.57s
